#-----------------------------------------------------------
# Vivado v2025.1 (64-bit)
# SW Build 6140274 on Thu May 22 00:12:29 MDT 2025
# IP Build 6138677 on Thu May 22 03:10:11 MDT 2025
# SharedData Build 6139179 on Tue May 20 17:58:58 MDT 2025
# Start of session at: Wed Dec  3 23:35:42 2025
# Process ID         : 21836
# Current directory  : C:/Users/manny/ECE350/Final350Project/FINAL350.runs/synth_1
# Command line       : vivado.exe -log top_camera_vga.vds -product Vivado -mode batch -messageDb vivado.pb -notrace -source top_camera_vga.tcl
# Log file           : C:/Users/manny/ECE350/Final350Project/FINAL350.runs/synth_1/top_camera_vga.vds
# Journal file       : C:/Users/manny/ECE350/Final350Project/FINAL350.runs/synth_1\vivado.jou
# Running On         : DESKTOP-UHCVODF
# Platform           : Windows Server 2016 or Windows 10
# Operating System   : 26200
# Processor Detail   : AMD Ryzen 5 5500                               
# CPU Frequency      : 3593 MHz
# CPU Physical cores : 6
# CPU Logical cores  : 12
# Host memory        : 34248 MB
# Swap memory        : 2147 MB
# Total Virtual      : 36395 MB
# Available Virtual  : 9730 MB
#-----------------------------------------------------------
source top_camera_vga.tcl -notrace
