#-----------------------------------------------------------
# Vivado v2025.1 (64-bit)
# SW Build 6140274 on Thu May 22 00:12:29 MDT 2025
# IP Build 6138677 on Thu May 22 03:10:11 MDT 2025
# SharedData Build 6139179 on Tue May 20 17:58:58 MDT 2025
# Start of session at: Wed Dec  3 23:38:20 2025
# Process ID         : 9624
# Current directory  : C:/Users/manny/ECE350/Final350Project/FINAL350.runs/impl_1
# Command line       : vivado.exe -log top_camera_vga.vdi -applog -product Vivado -messageDb vivado.pb -mode batch -source top_camera_vga.tcl -notrace
# Log file           : C:/Users/manny/ECE350/Final350Project/FINAL350.runs/impl_1/top_camera_vga.vdi
# Journal file       : C:/Users/manny/ECE350/Final350Project/FINAL350.runs/impl_1\vivado.jou
# Running On         : DESKTOP-UHCVODF
# Platform           : Windows Server 2016 or Windows 10
# Operating System   : 26200
# Processor Detail   : AMD Ryzen 5 5500                               
# CPU Frequency      : 3593 MHz
# CPU Physical cores : 6
# CPU Logical cores  : 12
# Host memory        : 34248 MB
# Swap memory        : 2147 MB
# Total Virtual      : 36395 MB
# Available Virtual  : 9868 MB
#-----------------------------------------------------------
source top_camera_vga.tcl -notrace
